// Jest Snapshot v1, https://goo.gl/fbAQLP

exports[`Breadcrumbs snapshot Check footer component UI 1`] = `
<ul
  className="breadcrumbWrap"
>
  <li>
    Electronica, Audio y Video 
     &gt; 
  </li>
  <li>
    iPod 
     &gt; 
  </li>
  <li>
    Reproductores 
     &gt; 
  </li>
  <li>
    iPod touch 
     &gt; 
  </li>
  <li
    className="active"
  >
    32 GB
  </li>
</ul>
`;

exports[`Input search snapshot Check input search component UI 1`] = `
<div
  className="inputSearch"
>
  <input
    onChange={[Function]}
    onKeyPress={[Function]}
    placeholder="Nunca dejes de buscar"
    type="text"
    value=""
  />
  <button
    className="inputSearch__btn"
    onClick={[Function]}
    type="button"
  >
    <span
      style={
        {
          "background": "none",
          "border": 0,
          "boxSizing": "border-box",
          "display": "inline-block",
          "height": 20,
          "margin": 0,
          "opacity": 1,
          "overflow": "hidden",
          "padding": 0,
          "position": "relative",
          "width": 20,
        }
      }
    >
      <img
        alt="input search icon"
        data-nimg="fixed"
        decoding="async"
        onError={[Function]}
        onLoad={[Function]}
        src="data:image/gif;base64,R0lGODlhAQABAIAAAAAAAP///yH5BAEAAAAALAAAAAABAAEAAAIBRAA7"
        style={
          {
            "border": "none",
            "bottom": 0,
            "boxSizing": "border-box",
            "display": "block",
            "height": 0,
            "left": 0,
            "margin": "auto",
            "maxHeight": "100%",
            "maxWidth": "100%",
            "minHeight": "100%",
            "minWidth": "100%",
            "objectFit": undefined,
            "objectPosition": undefined,
            "padding": 0,
            "position": "absolute",
            "right": 0,
            "top": 0,
            "width": 0,
          }
        }
      />
      <noscript>
        <img
          alt="input search icon"
          data-nimg="fixed"
          decoding="async"
          loading="lazy"
          src="/_next/image?url=%2Fimg.jpg&w=48&q=75"
          srcSet="/_next/image?url=%2Fimg.jpg&w=32&q=75 1x, /_next/image?url=%2Fimg.jpg&w=48&q=75 2x"
          style={
            {
              "border": "none",
              "bottom": 0,
              "boxSizing": "border-box",
              "display": "block",
              "height": 0,
              "left": 0,
              "margin": "auto",
              "maxHeight": "100%",
              "maxWidth": "100%",
              "minHeight": "100%",
              "minWidth": "100%",
              "objectFit": undefined,
              "objectPosition": undefined,
              "padding": 0,
              "position": "absolute",
              "right": 0,
              "top": 0,
              "width": 0,
            }
          }
        />
      </noscript>
    </span>
  </button>
</div>
`;
